// Jest Snapshot v1, https://goo.gl/fbAQLP

exports[`Server app integration test snapshot demo 1`] = `
{
  "endDate": "somedate",
  "id": "1234",
  "room": "room",
  "startDate": "startDate",
  "user": "naz",
}
`;
